============================= test session starts =============================
platform win32 -- Python 3.14.2, pytest-9.0.2, pluggy-1.6.0
rootdir: C:\Users\shlok\Documents\Projects\climate-equation-discovery
plugins: anyio-4.12.1, hydra-core-1.3.2, cov-7.0.0, timeout-2.4.0, zarr-3.1.5
collected 1 item

tests\test_hybrid_loop.py F                                              [100%]

================================== FAILURES ===================================
____ TestHybridDiscreteContinuousOptimizer.test_variational_em_train_step _____

self = <test_hybrid_loop.TestHybridDiscreteContinuousOptimizer testMethod=test_variational_em_train_step>

    def test_variational_em_train_step(self):
        # 1. Initialize Continuous ML Models
        gate = MockSymbolicGate()
        elbo = MockJointELBO()
        agent = MockAgent()
    
        # Capture pre-step weights to verify gradient descent executes successfully
        # across the discrete boundary
        initial_weights = gate.linear.weight.clone()
    
        trainer = SDMoSETrainer(agent=agent, gate_module=gate, elbo_module=elbo, lr=0.1)
    
        # 2. Dummy observational data (16 samples, 4 features)
        x = torch.randn(16, 4)
        y = torch.randn(16, 1)
    
        # 3. Execute Hybrid Optimizer
>       metrics = trainer.train_step(x, y, t=0)
                  ^^^^^^^^^^^^^^^^^^^^^^^^^^^^^

tests\test_hybrid_loop.py:74: 
_ _ _ _ _ _ _ _ _ _ _ _ _ _ _ _ _ _ _ _ _ _ _ _ _ _ _ _ _ _ _ _ _ _ _ _ _ _ _ _
sdmose\learning\trainer.py:108: in train_step
    loss_components = self.elbo(log_likelihoods=dummy_likelihoods, gate_probs=gate_probs)
                      ^^^^^^^^^^^^^^^^^^^^^^^^^^^^^^^^^^^^^^^^^^^^^^^^^^^^^^^^^^^^^^^^^^^
..\..\..\AppData\Local\Programs\Python\Python314\Lib\site-packages\torch\nn\modules\module.py:1776: in _wrapped_call_impl
    return self._call_impl(*args, **kwargs)
           ^^^^^^^^^^^^^^^^^^^^^^^^^^^^^^^^
_ _ _ _ _ _ _ _ _ _ _ _ _ _ _ _ _ _ _ _ _ _ _ _ _ _ _ _ _ _ _ _ _ _ _ _ _ _ _ _

self = MockJointELBO(), args = ()
kwargs = {'gate_probs': tensor([[0.5953, 0.4047],
        [0.4243, 0.5757],
        [0.6341, 0.3659],
        [0.5563, 0.4437],...[0., 0.],
        [0., 0.],
        [0., 0.],
        [0., 0.],
        [0., 0.],
        [0., 0.],
        [0., 0.]])}

    def _call_impl(self, *args, **kwargs):
        forward_call = (self._slow_forward if torch._C._get_tracing_state() else self.forward)
        # If we don't have any hooks, we want to skip the rest of the logic in
        # this function, and just call forward.
        if not (self._backward_hooks or self._backward_pre_hooks or self._forward_hooks or self._forward_pre_hooks
                or _global_backward_pre_hooks or _global_backward_hooks
                or _global_forward_hooks or _global_forward_pre_hooks):
>           return forward_call(*args, **kwargs)
                   ^^^^^^^^^^^^^^^^^^^^^^^^^^^^^
E           TypeError: MockJointELBO.forward() missing 2 required positional arguments: 'regime_priors' and 'equation_beliefs'

..\..\..\AppData\Local\Programs\Python\Python314\Lib\site-packages\torch\nn\modules\module.py:1787: TypeError
=========================== short test summary info ===========================
FAILED tests/test_hybrid_loop.py::TestHybridDiscreteContinuousOptimizer::test_variational_em_train_step
============================= 1 failed in 26.08s ==============================